../Core/Src/main.c:135:6:LED_All_Off	8	static
../Core/Src/main.c:153:6:Green_LED_On	8	static
../Core/Src/main.c:163:6:Yellow_LED_On	8	static
../Core/Src/main.c:173:6:Red_LED_On	8	static
../Core/Src/main.c:183:6:Engine_ON	8	static
../Core/Src/main.c:193:6:Engine_OFF	8	static
../Core/Src/main.c:206:9:Is_Seat_Active	8	static
../Core/Src/main.c:215:10:Read_MQ3	16	static
../Core/Src/main.c:231:6:Buzzer_Alert	16	static
../Core/Src/main.c:251:6:UART_Send	80	static
../Core/Src/main.c:294:6:Change_State	16	static
../Core/Src/main.c:307:6:HAL_UART_RxCpltCallback	16	static
../Core/Src/main.c:356:5:main	24	static
../Core/Src/main.c:742:6:SystemClock_Config	88	static
../Core/Src/main.c:788:13:MX_NVIC_Init	8	static
../Core/Src/main.c:803:6:Error_Handler	4	static,ignoring_inline_asm
